Archive member included to satisfy reference by file (symbol)

c:/ac6/systemworkbench/plugins/fr.ac6.mcu.externaltools.arm-none.win32_1.17.0.201812190825/tools/compiler/bin/../lib/gcc/arm-none-eabi/7.3.1/../../../../arm-none-eabi/lib/thumb/v7-m\libc_nano.a(lib_a-errno.o)
                              Core/Src/syscalls.o (__errno)
c:/ac6/systemworkbench/plugins/fr.ac6.mcu.externaltools.arm-none.win32_1.17.0.201812190825/tools/compiler/bin/../lib/gcc/arm-none-eabi/7.3.1/../../../../arm-none-eabi/lib/thumb/v7-m\libc_nano.a(lib_a-exit.o)
                              c:/ac6/systemworkbench/plugins/fr.ac6.mcu.externaltools.arm-none.win32_1.17.0.201812190825/tools/compiler/bin/../lib/gcc/arm-none-eabi/7.3.1/../../../../arm-none-eabi/lib/thumb/v7-m/crt0.o (exit)
c:/ac6/systemworkbench/plugins/fr.ac6.mcu.externaltools.arm-none.win32_1.17.0.201812190825/tools/compiler/bin/../lib/gcc/arm-none-eabi/7.3.1/../../../../arm-none-eabi/lib/thumb/v7-m\libc_nano.a(lib_a-impure.o)
                              c:/ac6/systemworkbench/plugins/fr.ac6.mcu.externaltools.arm-none.win32_1.17.0.201812190825/tools/compiler/bin/../lib/gcc/arm-none-eabi/7.3.1/../../../../arm-none-eabi/lib/thumb/v7-m\libc_nano.a(lib_a-exit.o) (_global_impure_ptr)
c:/ac6/systemworkbench/plugins/fr.ac6.mcu.externaltools.arm-none.win32_1.17.0.201812190825/tools/compiler/bin/../lib/gcc/arm-none-eabi/7.3.1/../../../../arm-none-eabi/lib/thumb/v7-m\libc_nano.a(lib_a-init.o)
                              c:/ac6/systemworkbench/plugins/fr.ac6.mcu.externaltools.arm-none.win32_1.17.0.201812190825/tools/compiler/bin/../lib/gcc/arm-none-eabi/7.3.1/../../../../arm-none-eabi/lib/thumb/v7-m/crt0.o (__libc_init_array)
c:/ac6/systemworkbench/plugins/fr.ac6.mcu.externaltools.arm-none.win32_1.17.0.201812190825/tools/compiler/bin/../lib/gcc/arm-none-eabi/7.3.1/../../../../arm-none-eabi/lib/thumb/v7-m\libc_nano.a(lib_a-memset.o)
                              c:/ac6/systemworkbench/plugins/fr.ac6.mcu.externaltools.arm-none.win32_1.17.0.201812190825/tools/compiler/bin/../lib/gcc/arm-none-eabi/7.3.1/../../../../arm-none-eabi/lib/thumb/v7-m/crt0.o (memset)

Allocating common symbols
Common symbol       size              file

uwTick              0x4               Drivers/STM32F1xx_HAL_Driver/Src/stm32f1xx_hal.o
pFlash              0x20              Drivers/STM32F1xx_HAL_Driver/Src/stm32f1xx_hal_flash.o
ccr_content         0x4               Core/Src/main.o
htim2               0x48              Core/Src/main.o
huart2              0x40              Core/Src/main.o

Discarded input sections

 .text          0x00000000        0x0 c:/ac6/systemworkbench/plugins/fr.ac6.mcu.externaltools.arm-none.win32_1.17.0.201812190825/tools/compiler/bin/../lib/gcc/arm-none-eabi/7.3.1/thumb/v7-m/crti.o
 .data          0x00000000        0x0 c:/ac6/systemworkbench/plugins/fr.ac6.mcu.externaltools.arm-none.win32_1.17.0.201812190825/tools/compiler/bin/../lib/gcc/arm-none-eabi/7.3.1/thumb/v7-m/crti.o
 .bss           0x00000000        0x0 c:/ac6/systemworkbench/plugins/fr.ac6.mcu.externaltools.arm-none.win32_1.17.0.201812190825/tools/compiler/bin/../lib/gcc/arm-none-eabi/7.3.1/thumb/v7-m/crti.o
 .data          0x00000000        0x4 c:/ac6/systemworkbench/plugins/fr.ac6.mcu.externaltools.arm-none.win32_1.17.0.201812190825/tools/compiler/bin/../lib/gcc/arm-none-eabi/7.3.1/thumb/v7-m/crtbegin.o
 .text          0x00000000       0x74 c:/ac6/systemworkbench/plugins/fr.ac6.mcu.externaltools.arm-none.win32_1.17.0.201812190825/tools/compiler/bin/../lib/gcc/arm-none-eabi/7.3.1/../../../../arm-none-eabi/lib/thumb/v7-m/crt0.o
 .data          0x00000000        0x0 c:/ac6/systemworkbench/plugins/fr.ac6.mcu.externaltools.arm-none.win32_1.17.0.201812190825/tools/compiler/bin/../lib/gcc/arm-none-eabi/7.3.1/../../../../arm-none-eabi/lib/thumb/v7-m/crt0.o
 .bss           0x00000000        0x0 c:/ac6/systemworkbench/plugins/fr.ac6.mcu.externaltools.arm-none.win32_1.17.0.201812190825/tools/compiler/bin/../lib/gcc/arm-none-eabi/7.3.1/../../../../arm-none-eabi/lib/thumb/v7-m/crt0.o
 .ARM.extab     0x00000000        0x0 c:/ac6/systemworkbench/plugins/fr.ac6.mcu.externaltools.arm-none.win32_1.17.0.201812190825/tools/compiler/bin/../lib/gcc/arm-none-eabi/7.3.1/../../../../arm-none-eabi/lib/thumb/v7-m/crt0.o
 .ARM.exidx     0x00000000        0x8 c:/ac6/systemworkbench/plugins/fr.ac6.mcu.externaltools.arm-none.win32_1.17.0.201812190825/tools/compiler/bin/../lib/gcc/arm-none-eabi/7.3.1/../../../../arm-none-eabi/lib/thumb/v7-m/crt0.o
 .ARM.attributes
                0x00000000       0x1b c:/ac6/systemworkbench/plugins/fr.ac6.mcu.externaltools.arm-none.win32_1.17.0.201812190825/tools/compiler/bin/../lib/gcc/arm-none-eabi/7.3.1/../../../../arm-none-eabi/lib/thumb/v7-m/crt0.o
 .group         0x00000000        0xc Core/Src/main.o
 .group         0x00000000        0xc Core/Src/main.o
 .group         0x00000000        0xc Core/Src/main.o
 .group         0x00000000        0xc Core/Src/main.o
[...]
Memory Configuration

Name             Origin             Length             Attributes
RAM              0x20000000         0x00005000         xrw
FLASH            0x08000000         0x00020000         xr
*default*        0x00000000         0xffffffff

Linker script and memory map

LOAD c:/ac6/systemworkbench/plugins/fr.ac6.mcu.externaltools.arm-none.win32_1.17.0.201812190825/tools/compiler/bin/../lib/gcc/arm-none-eabi/7.3.1/thumb/v7-m/crti.o
LOAD c:/ac6/systemworkbench/plugins/fr.ac6.mcu.externaltools.arm-none.win32_1.17.0.201812190825/tools/compiler/bin/../lib/gcc/arm-none-eabi/7.3.1/thumb/v7-m/crtbegin.o
LOAD c:/ac6/systemworkbench/plugins/fr.ac6.mcu.externaltools.arm-none.win32_1.17.0.201812190825/tools/compiler/bin/../lib/gcc/arm-none-eabi/7.3.1/../../../../arm-none-eabi/lib/thumb/v7-m/crt0.o
LOAD Core/Src/main.o
LOAD Core/Src/stm32f1xx_hal_msp.o
LOAD Core/Src/stm32f1xx_it.o
LOAD Core/Src/syscalls.o
LOAD Core/Src/system_stm32f1xx.o
LOAD Drivers/STM32F1xx_HAL_Driver/Src/stm32f1xx_hal.o
LOAD Drivers/STM32F1xx_HAL_Driver/Src/stm32f1xx_hal_cortex.o
LOAD Drivers/STM32F1xx_HAL_Driver/Src/stm32f1xx_hal_dma.o
LOAD Drivers/STM32F1xx_HAL_Driver/Src/stm32f1xx_hal_exti.o
LOAD Drivers/STM32F1xx_HAL_Driver/Src/stm32f1xx_hal_flash.o
LOAD Drivers/STM32F1xx_HAL_Driver/Src/stm32f1xx_hal_flash_ex.o
LOAD Drivers/STM32F1xx_HAL_Driver/Src/stm32f1xx_hal_gpio.o
LOAD Drivers/STM32F1xx_HAL_Driver/Src/stm32f1xx_hal_gpio_ex.o
LOAD Drivers/STM32F1xx_HAL_Driver/Src/stm32f1xx_hal_pwr.o
LOAD Drivers/STM32F1xx_HAL_Driver/Src/stm32f1xx_hal_rcc.o
LOAD Drivers/STM32F1xx_HAL_Driver/Src/stm32f1xx_hal_rcc_ex.o
LOAD Drivers/STM32F1xx_HAL_Driver/Src/stm32f1xx_hal_tim.o
LOAD Drivers/STM32F1xx_HAL_Driver/Src/stm32f1xx_hal_tim_ex.o
LOAD Drivers/STM32F1xx_HAL_Driver/Src/stm32f1xx_hal_uart.o
LOAD startup/startup_stm32f103xb.o
LOAD c:/ac6/systemworkbench/plugins/fr.ac6.mcu.externaltools.arm-none.win32_1.17.0.201812190825/tools/compiler/bin/../lib/gcc/arm-none-eabi/7.3.1/../../../../arm-none-eabi/lib/thumb/v7-m\libm.a
START GROUP
LOAD c:/ac6/systemworkbench/plugins/fr.ac6.mcu.externaltools.arm-none.win32_1.17.0.201812190825/tools/compiler/bin/../lib/gcc/arm-none-eabi/7.3.1/thumb/v7-m\libgcc.a
LOAD c:/ac6/systemworkbench/plugins/fr.ac6.mcu.externaltools.arm-none.win32_1.17.0.201812190825/tools/compiler/bin/../lib/gcc/arm-none-eabi/7.3.1/../../../../arm-none-eabi/lib/thumb/v7-m\libc_nano.a
END GROUP
START GROUP
LOAD c:/ac6/systemworkbench/plugins/fr.ac6.mcu.externaltools.arm-none.win32_1.17.0.201812190825/tools/compiler/bin/../lib/gcc/arm-none-eabi/7.3.1/thumb/v7-m\libgcc.a
LOAD c:/ac6/systemworkbench/plugins/fr.ac6.mcu.externaltools.arm-none.win32_1.17.0.201812190825/tools/compiler/bin/../lib/gcc/arm-none-eabi/7.3.1/../../../../arm-none-eabi/lib/thumb/v7-m\libc_nano.a
LOAD c:/ac6/systemworkbench/plugins/fr.ac6.mcu.externaltools.arm-none.win32_1.17.0.201812190825/tools/compiler/bin/../lib/gcc/arm-none-eabi/7.3.1/../../../../arm-none-eabi/lib/thumb/v7-m\libnosys.a
END GROUP
START GROUP
LOAD c:/ac6/systemworkbench/plugins/fr.ac6.mcu.externaltools.arm-none.win32_1.17.0.201812190825/tools/compiler/bin/../lib/gcc/arm-none-eabi/7.3.1/thumb/v7-m\libgcc.a
LOAD c:/ac6/systemworkbench/plugins/fr.ac6.mcu.externaltools.arm-none.win32_1.17.0.201812190825/tools/compiler/bin/../lib/gcc/arm-none-eabi/7.3.1/../../../../arm-none-eabi/lib/thumb/v7-m\libc_nano.a
LOAD c:/ac6/systemworkbench/plugins/fr.ac6.mcu.externaltools.arm-none.win32_1.17.0.201812190825/tools/compiler/bin/../lib/gcc/arm-none-eabi/7.3.1/../../../../arm-none-eabi/lib/thumb/v7-m\libnosys.a
END GROUP
LOAD c:/ac6/systemworkbench/plugins/fr.ac6.mcu.externaltools.arm-none.win32_1.17.0.201812190825/tools/compiler/bin/../lib/gcc/arm-none-eabi/7.3.1/thumb/v7-m/crtend.o
LOAD c:/ac6/systemworkbench/plugins/fr.ac6.mcu.externaltools.arm-none.win32_1.17.0.201812190825/tools/compiler/bin/../lib/gcc/arm-none-eabi/7.3.1/thumb/v7-m/crtn.o
                0x20005000                _estack = 0x20005000
                0x00000200                _Min_Heap_Size = 0x200
                0x00000400                _Min_Stack_Size = 0x400

.isr_vector     0x08000000      0x10c
                0x08000000                . = ALIGN (0x4)
 *(.isr_vector)
 .isr_vector    0x08000000      0x10c startup/startup_stm32f103xb.o
                0x08000000                g_pfnVectors
                0x0800010c                . = ALIGN (0x4)

.text           0x0800010c     0x1474
                0x0800010c                . = ALIGN (0x4)
 *(.text)
 .text          0x0800010c       0x40 c:/ac6/systemworkbench/plugins/fr.ac6.mcu.externaltools.arm-none.win32_1.17.0.201812190825/tools/compiler/bin/../lib/gcc/arm-none-eabi/7.3.1/thumb/v7-m/crtbegin.o
 *(.text*)
 .text.MX_GPIO_Init
                0x0800014c       0x54 Core/Src/main.o
 .text.MX_TIM2_Init
                0x080001a0       0x6c Core/Src/main.o
 .text.MX_USART2_UART_Init
                0x0800020c       0x2c Core/Src/main.o
 .text.SystemClock_Config
                0x08000238       0x50 Core/Src/main.o
                0x08000238                SystemClock_Config
 .text.main     0x08000288       0x40 Core/Src/main.o
                0x08000288                main
 .text.HAL_TIM_OC_DelayElapsedCallback
                0x080002c8       0x8c Core/Src/main.o
                0x080002c8                HAL_TIM_OC_DelayElapsedCallback
 .text.HAL_MspInit
                0x08000354       0x44 Core/Src/stm32f1xx_hal_msp.o
                0x08000354                HAL_MspInit
 .text.HAL_TIM_OC_MspInit
                0x08000398       0x88 Core/Src/stm32f1xx_hal_msp.o
                0x08000398                HAL_TIM_OC_MspInit
 .text.HAL_UART_MspInit
                0x08000420       0x60 Core/Src/stm32f1xx_hal_msp.o
                0x08000420                HAL_UART_MspInit
 .text.NMI_Handler
                0x08000480        0x2 Core/Src/stm32f1xx_it.o
                0x08000480                NMI_Handler
 .text.HardFault_Handler
                0x08000482        0x2 Core/Src/stm32f1xx_it.o
                0x08000482                HardFault_Handler
 .text.MemManage_Handler
                0x08000484        0x2 Core/Src/stm32f1xx_it.o
                0x08000484                MemManage_Handler
 .text.BusFault_Handler
                0x08000486        0x2 Core/Src/stm32f1xx_it.o
                0x08000486                BusFault_Handler
 .text.TIM2_IRQHandler
                0x08000488       0x10 Core/Src/stm32f1xx_it.o
                0x08000488                TIM2_IRQHandler
 .text.UsageFault_Handler
                0x08000498        0x2 Core/Src/stm32f1xx_it.o
                0x08000498                UsageFault_Handler
 .text.SVC_Handler
                0x0800049a        0x2 Core/Src/stm32f1xx_it.o
                0x0800049a                SVC_Handler
 .text.DebugMon_Handler
                0x0800049c        0x2 Core/Src/stm32f1xx_it.o
                0x0800049c                DebugMon_Handler
 .text.PendSV_Handler
                0x0800049e        0x2 Core/Src/stm32f1xx_it.o
                0x0800049e                PendSV_Handler
 .text.SysTick_Handler
                0x080004a0        0x8 Core/Src/stm32f1xx_it.o
                0x080004a0                SysTick_Handler
 .text.SystemInit
                0x080004a8        0x2 Core/Src/system_stm32f1xx.o
                0x080004a8                SystemInit
 *fill*         0x080004aa        0x2 
 .text.HAL_InitTick
                0x080004ac       0x48 Drivers/STM32F1xx_HAL_Driver/Src/stm32f1xx_hal.o
                0x080004ac                HAL_InitTick
 .text.HAL_Init
                0x080004f4       0x24 Drivers/STM32F1xx_HAL_Driver/Src/stm32f1xx_hal.o
                0x080004f4                HAL_Init
 .text.HAL_IncTick
                0x08000518       0x18 Drivers/STM32F1xx_HAL_Driver/Src/stm32f1xx_hal.o
                0x08000518                HAL_IncTick
 .text.HAL_GetTick
                0x08000530        0xc Drivers/STM32F1xx_HAL_Driver/Src/stm32f1xx_hal.o
                0x08000530                HAL_GetTick
 .text.HAL_NVIC_SetPriorityGrouping
                0x0800053c       0x24 Drivers/STM32F1xx_HAL_Driver/Src/stm32f1xx_hal_cortex.o
                0x0800053c                HAL_NVIC_SetPriorityGrouping
 .text.HAL_NVIC_SetPriority
                0x08000560       0x68 Drivers/STM32F1xx_HAL_Driver/Src/stm32f1xx_hal_cortex.o
                0x08000560                HAL_NVIC_SetPriority
 .text.HAL_NVIC_EnableIRQ
                0x080005c8       0x1c Drivers/STM32F1xx_HAL_Driver/Src/stm32f1xx_hal_cortex.o
                0x080005c8                HAL_NVIC_EnableIRQ
 .text.HAL_SYSTICK_Config
                0x080005e4       0x2c Drivers/STM32F1xx_HAL_Driver/Src/stm32f1xx_hal_cortex.o
                0x080005e4                HAL_SYSTICK_Config
 .text.HAL_GPIO_Init
                0x08000610      0x1d8 Drivers/STM32F1xx_HAL_Driver/Src/stm32f1xx_hal_gpio.o
                0x08000610                HAL_GPIO_Init
 .text.RCC_Delay
                0x080007e8       0x2c Drivers/STM32F1xx_HAL_Driver/Src/stm32f1xx_hal_rcc.o
 .text.HAL_RCC_OscConfig
                0x08000814      0x410 Drivers/STM32F1xx_HAL_Driver/Src/stm32f1xx_hal_rcc.o
                0x08000814                HAL_RCC_OscConfig
 .text.HAL_RCC_GetSysClockFreq
                0x08000c24       0x70 Drivers/STM32F1xx_HAL_Driver/Src/stm32f1xx_hal_rcc.o
                0x08000c24                HAL_RCC_GetSysClockFreq
 .text.HAL_RCC_ClockConfig
                0x08000c94      0x168 Drivers/STM32F1xx_HAL_Driver/Src/stm32f1xx_hal_rcc.o
                0x08000c94                HAL_RCC_ClockConfig
 .text.HAL_RCC_GetHCLKFreq
                0x08000dfc        0xc Drivers/STM32F1xx_HAL_Driver/Src/stm32f1xx_hal_rcc.o
                0x08000dfc                HAL_RCC_GetHCLKFreq
 .text.HAL_RCC_GetPCLK1Freq
                0x08000e08       0x20 Drivers/STM32F1xx_HAL_Driver/Src/stm32f1xx_hal_rcc.o
                0x08000e08                HAL_RCC_GetPCLK1Freq
 .text.HAL_RCC_GetPCLK2Freq
                0x08000e28       0x20 Drivers/STM32F1xx_HAL_Driver/Src/stm32f1xx_hal_rcc.o
                0x08000e28                HAL_RCC_GetPCLK2Freq
 .text.TIM_OC1_SetConfig
                0x08000e48       0x5c Drivers/STM32F1xx_HAL_Driver/Src/stm32f1xx_hal_tim.o
 .text.TIM_OC3_SetConfig
                0x08000ea4       0x64 Drivers/STM32F1xx_HAL_Driver/Src/stm32f1xx_hal_tim.o
 .text.TIM_OC4_SetConfig
                0x08000f08       0x48 Drivers/STM32F1xx_HAL_Driver/Src/stm32f1xx_hal_tim.o
 .text.HAL_TIM_ReadCapturedValue
                0x08000f50       0x32 Drivers/STM32F1xx_HAL_Driver/Src/stm32f1xx_hal_tim.o
                0x08000f50                HAL_TIM_ReadCapturedValue
 .text.HAL_TIM_PeriodElapsedCallback
                0x08000f82        0x2 Drivers/STM32F1xx_HAL_Driver/Src/stm32f1xx_hal_tim.o
                0x08000f82                HAL_TIM_PeriodElapsedCallback
 .text.HAL_TIM_IC_CaptureCallback
                0x08000f84        0x2 Drivers/STM32F1xx_HAL_Driver/Src/stm32f1xx_hal_tim.o
                0x08000f84                HAL_TIM_IC_CaptureCallback
 .text.HAL_TIM_PWM_PulseFinishedCallback
                0x08000f86        0x2 Drivers/STM32F1xx_HAL_Driver/Src/stm32f1xx_hal_tim.o
                0x08000f86                HAL_TIM_PWM_PulseFinishedCallback
 .text.HAL_TIM_TriggerCallback
                0x08000f88        0x2 Drivers/STM32F1xx_HAL_Driver/Src/stm32f1xx_hal_tim.o
                0x08000f88                HAL_TIM_TriggerCallback
 .text.HAL_TIM_IRQHandler
                0x08000f8a      0x17a Drivers/STM32F1xx_HAL_Driver/Src/stm32f1xx_hal_tim.o
                0x08000f8a                HAL_TIM_IRQHandler
 .text.TIM_Base_SetConfig
                0x08001104       0x74 Drivers/STM32F1xx_HAL_Driver/Src/stm32f1xx_hal_tim.o
                0x08001104                TIM_Base_SetConfig
 .text.HAL_TIM_OC_Init
                0x08001178       0x56 Drivers/STM32F1xx_HAL_Driver/Src/stm32f1xx_hal_tim.o
                0x08001178                HAL_TIM_OC_Init
 *fill*         0x080011ce        0x2 
 .text.TIM_OC2_SetConfig
                0x080011d0       0x64 Drivers/STM32F1xx_HAL_Driver/Src/stm32f1xx_hal_tim.o
                0x080011d0                TIM_OC2_SetConfig
 .text.HAL_TIM_OC_ConfigChannel
                0x08001234       0x52 Drivers/STM32F1xx_HAL_Driver/Src/stm32f1xx_hal_tim.o
                0x08001234                HAL_TIM_OC_ConfigChannel
 .text.TIM_CCxChannelCmd
                0x08001286       0x20 Drivers/STM32F1xx_HAL_Driver/Src/stm32f1xx_hal_tim.o
                0x08001286                TIM_CCxChannelCmd
 *fill*         0x080012a6        0x2 
 .text.HAL_TIM_OC_Start_IT
                0x080012a8      0x128 Drivers/STM32F1xx_HAL_Driver/Src/stm32f1xx_hal_tim.o
                0x080012a8                HAL_TIM_OC_Start_IT
 .text.HAL_TIMEx_CommutCallback
                0x080013d0        0x2 Drivers/STM32F1xx_HAL_Driver/Src/stm32f1xx_hal_tim_ex.o
                0x080013d0                HAL_TIMEx_CommutCallback
 .text.HAL_TIMEx_BreakCallback
                0x080013d2        0x2 Drivers/STM32F1xx_HAL_Driver/Src/stm32f1xx_hal_tim_ex.o
                0x080013d2                HAL_TIMEx_BreakCallback
 .text.UART_SetConfig
                0x080013d4       0x90 Drivers/STM32F1xx_HAL_Driver/Src/stm32f1xx_hal_uart.o
 .text.HAL_UART_Init
                0x08001464       0x5e Drivers/STM32F1xx_HAL_Driver/Src/stm32f1xx_hal_uart.o
                0x08001464                HAL_UART_Init
 *fill*         0x080014c2        0x2 
 .text.Reset_Handler
                0x080014c4       0x48 startup/startup_stm32f103xb.o
                0x080014c4                Reset_Handler
 .text.Default_Handler
                0x0800150c        0x2 startup/startup_stm32f103xb.o
                0x0800150c                RTC_Alarm_IRQHandler
                0x0800150c                EXTI2_IRQHandler
                0x0800150c                TIM1_CC_IRQHandler
                0x0800150c                PVD_IRQHandler
                0x0800150c                EXTI3_IRQHandler
                0x0800150c                EXTI0_IRQHandler
                0x0800150c                I2C2_EV_IRQHandler
                0x0800150c                ADC1_2_IRQHandler
                0x0800150c                SPI1_IRQHandler
                0x0800150c                TAMPER_IRQHandler
                0x0800150c                DMA1_Channel4_IRQHandler
                0x0800150c                USART3_IRQHandler
                0x0800150c                RTC_IRQHandler
                0x0800150c                DMA1_Channel7_IRQHandler
                0x0800150c                CAN1_RX1_IRQHandler
                0x0800150c                TIM4_IRQHandler
                0x0800150c                I2C1_EV_IRQHandler
                0x0800150c                DMA1_Channel6_IRQHandler
                0x0800150c                TIM3_IRQHandler
                0x0800150c                RCC_IRQHandler
                0x0800150c                TIM1_TRG_COM_IRQHandler
                0x0800150c                DMA1_Channel1_IRQHandler
                0x0800150c                Default_Handler
                0x0800150c                EXTI15_10_IRQHandler
                0x0800150c                EXTI9_5_IRQHandler
                0x0800150c                SPI2_IRQHandler
                0x0800150c                DMA1_Channel5_IRQHandler
                0x0800150c                EXTI4_IRQHandler
                0x0800150c                USB_LP_CAN1_RX0_IRQHandler
                0x0800150c                USB_HP_CAN1_TX_IRQHandler
                0x0800150c                DMA1_Channel3_IRQHandler
                0x0800150c                TIM1_UP_IRQHandler
                0x0800150c                WWDG_IRQHandler
                0x0800150c                TIM1_BRK_IRQHandler
                0x0800150c                EXTI1_IRQHandler
                0x0800150c                USART2_IRQHandler
                0x0800150c                I2C2_ER_IRQHandler
                0x0800150c                DMA1_Channel2_IRQHandler
                0x0800150c                CAN1_SCE_IRQHandler
                0x0800150c                FLASH_IRQHandler
                0x0800150c                USART1_IRQHandler
                0x0800150c                I2C1_ER_IRQHandler
                0x0800150c                USBWakeUp_IRQHandler
 *fill*         0x0800150e        0x2 
 .text.__libc_init_array
                0x08001510       0x48 c:/ac6/systemworkbench/plugins/fr.ac6.mcu.externaltools.arm-none.win32_1.17.0.201812190825/tools/compiler/bin/../lib/gcc/arm-none-eabi/7.3.1/../../../../arm-none-eabi/lib/thumb/v7-m\libc_nano.a(lib_a-init.o)
                0x08001510                __libc_init_array
 .text.memset   0x08001558       0x10 c:/ac6/systemworkbench/plugins/fr.ac6.mcu.externaltools.arm-none.win32_1.17.0.201812190825/tools/compiler/bin/../lib/gcc/arm-none-eabi/7.3.1/../../../../arm-none-eabi/lib/thumb/v7-m\libc_nano.a(lib_a-memset.o)
                0x08001558                memset
 *(.glue_7)
 .glue_7        0x08001568        0x0 linker stubs
 *(.glue_7t)
 .glue_7t       0x08001568        0x0 linker stubs
 *(.eh_frame)
 .eh_frame      0x08001568        0x0 c:/ac6/systemworkbench/plugins/fr.ac6.mcu.externaltools.arm-none.win32_1.17.0.201812190825/tools/compiler/bin/../lib/gcc/arm-none-eabi/7.3.1/thumb/v7-m/crtbegin.o
 *(.init)
 .init          0x08001568        0x4 c:/ac6/systemworkbench/plugins/fr.ac6.mcu.externaltools.arm-none.win32_1.17.0.201812190825/tools/compiler/bin/../lib/gcc/arm-none-eabi/7.3.1/thumb/v7-m/crti.o
                0x08001568                _init
 .init          0x0800156c        0x8 c:/ac6/systemworkbench/plugins/fr.ac6.mcu.externaltools.arm-none.win32_1.17.0.201812190825/tools/compiler/bin/../lib/gcc/arm-none-eabi/7.3.1/thumb/v7-m/crtn.o
 *(.fini)
 .fini          0x08001574        0x4 c:/ac6/systemworkbench/plugins/fr.ac6.mcu.externaltools.arm-none.win32_1.17.0.201812190825/tools/compiler/bin/../lib/gcc/arm-none-eabi/7.3.1/thumb/v7-m/crti.o
                0x08001574                _fini
 .fini          0x08001578        0x8 c:/ac6/systemworkbench/plugins/fr.ac6.mcu.externaltools.arm-none.win32_1.17.0.201812190825/tools/compiler/bin/../lib/gcc/arm-none-eabi/7.3.1/thumb/v7-m/crtn.o
                0x08001580                . = ALIGN (0x4)
                0x08001580                _etext = .

.vfp11_veneer   0x08001580        0x0
 .vfp11_veneer  0x08001580        0x0 linker stubs

.v4_bx          0x08001580        0x0
 .v4_bx         0x08001580        0x0 linker stubs

.iplt           0x08001580        0x0
 .iplt          0x08001580        0x0 c:/ac6/systemworkbench/plugins/fr.ac6.mcu.externaltools.arm-none.win32_1.17.0.201812190825/tools/compiler/bin/../lib/gcc/arm-none-eabi/7.3.1/thumb/v7-m/crtbegin.o

.rodata         0x08001580       0x2c
                0x08001580                . = ALIGN (0x4)
 *(.rodata)
 .rodata        0x08001580       0x18 Core/Src/system_stm32f1xx.o
                0x08001580                AHBPrescTable
                0x08001590                APBPrescTable
 .rodata        0x08001598       0x12 Drivers/STM32F1xx_HAL_Driver/Src/stm32f1xx_hal_rcc.o
 *(.rodata*)
                0x080015ac                . = ALIGN (0x4)
 *fill*         0x080015aa        0x2 

.rel.dyn        0x080015ac        0x0
 .rel.iplt      0x080015ac        0x0 c:/ac6/systemworkbench/plugins/fr.ac6.mcu.externaltools.arm-none.win32_1.17.0.201812190825/tools/compiler/bin/../lib/gcc/arm-none-eabi/7.3.1/thumb/v7-m/crtbegin.o

.ARM.extab
 *(.ARM.extab* .gnu.linkonce.armextab.*)

.ARM            0x080015ac        0x0
                0x080015ac                __exidx_start = .
 *(.ARM.exidx*)
                0x080015ac                __exidx_end = .

.preinit_array  0x080015ac        0x0
                0x080015ac                PROVIDE (__preinit_array_start = .)
 *(.preinit_array*)
                0x080015ac                PROVIDE (__preinit_array_end = .)

.init_array     0x080015ac        0x4
                0x080015ac                PROVIDE (__init_array_start = .)
 *(SORT_BY_NAME(.init_array.*))
 *(.init_array*)
 .init_array    0x080015ac        0x4 c:/ac6/systemworkbench/plugins/fr.ac6.mcu.externaltools.arm-none.win32_1.17.0.201812190825/tools/compiler/bin/../lib/gcc/arm-none-eabi/7.3.1/thumb/v7-m/crtbegin.o
                0x080015b0                PROVIDE (__init_array_end = .)

.fini_array     0x080015b0        0x4
                [!provide]                PROVIDE (__fini_array_start = .)
 *(SORT_BY_NAME(.fini_array.*))
 *(.fini_array*)
 .fini_array    0x080015b0        0x4 c:/ac6/systemworkbench/plugins/fr.ac6.mcu.externaltools.arm-none.win32_1.17.0.201812190825/tools/compiler/bin/../lib/gcc/arm-none-eabi/7.3.1/thumb/v7-m/crtbegin.o
                [!provide]                PROVIDE (__fini_array_end = .)
                0x080015b4                _sidata = LOADADDR (.data)

.data           0x20000000       0x1c load address 0x080015b4
                0x20000000                . = ALIGN (0x4)
                0x20000000                _sdata = .
 *(.data)
 .data          0x20000000       0x10 Core/Src/main.o
                0x20000000                pulse_1
                0x20000004                pulse_2
                0x20000008                pulse_3
                0x2000000c                pulse_4
 .data          0x20000010        0x4 Core/Src/system_stm32f1xx.o
                0x20000010                SystemCoreClock
 .data          0x20000014        0x8 Drivers/STM32F1xx_HAL_Driver/Src/stm32f1xx_hal.o
                0x20000014                uwTickFreq
                0x20000018                uwTickPrio
 *(.data*)
                0x2000001c                . = ALIGN (0x4)
                0x2000001c                _edata = .

.igot.plt       0x2000001c        0x0 load address 0x080015d0
 .igot.plt      0x2000001c        0x0 c:/ac6/systemworkbench/plugins/fr.ac6.mcu.externaltools.arm-none.win32_1.17.0.201812190825/tools/compiler/bin/../lib/gcc/arm-none-eabi/7.3.1/thumb/v7-m/crtbegin.o
                0x2000001c                . = ALIGN (0x4)

.bss            0x2000001c       0xac load address 0x080015d0
                0x2000001c                _sbss = .
                0x2000001c                __bss_start__ = _sbss
 *(.bss)
 .bss           0x2000001c       0x1c c:/ac6/systemworkbench/plugins/fr.ac6.mcu.externaltools.arm-none.win32_1.17.0.201812190825/tools/compiler/bin/../lib/gcc/arm-none-eabi/7.3.1/thumb/v7-m/crtbegin.o
 *(.bss*)
 *(COMMON)
 COMMON         0x20000038       0x8c Core/Src/main.o
                0x20000038                ccr_content
                0x2000003c                htim2
                0x20000084                huart2
 COMMON         0x200000c4        0x4 Drivers/STM32F1xx_HAL_Driver/Src/stm32f1xx_hal.o
                0x200000c4                uwTick
                0x200000c8                . = ALIGN (0x4)
                0x200000c8                _ebss = .
                0x200000c8                __bss_end__ = _ebss

._user_heap_stack
                0x200000c8      0x600 load address 0x080015d0
                0x200000c8                . = ALIGN (0x8)
                0x200000c8                PROVIDE (end = .)
                [!provide]                PROVIDE (_end = .)
                0x200002c8                . = (. + _Min_Heap_Size)
 *fill*         0x200000c8      0x200 
                0x200006c8                . = (. + _Min_Stack_Size)
 *fill*         0x200002c8      0x400 
                0x200006c8                . = ALIGN (0x8)

/DISCARD/
 libc.a(*)
 libm.a(*)
 libgcc.a(*)

.ARM.attributes
                0x00000000       0x29
 *(.ARM.attributes)
 .ARM.attributes
                0x00000000       0x1d c:/ac6/systemworkbench/plugins/fr.ac6.mcu.externaltools.arm-none.win32_1.17.0.201812190825/tools/compiler/bin/../lib/gcc/arm-none-eabi/7.3.1/thumb/v7-m/crti.o
 .ARM.attributes
                0x0000001d       0x2d c:/ac6/systemworkbench/plugins/fr.ac6.mcu.externaltools.arm-none.win32_1.17.0.201812190825/tools/compiler/bin/../lib/gcc/arm-none-eabi/7.3.1/thumb/v7-m/crtbegin.o
 .ARM.attributes
                0x0000004a       0x33 Core/Src/main.o
 .ARM.attributes
                0x0000007d       0x33 Core/Src/stm32f1xx_hal_msp.o
 .ARM.attributes
                0x000000b0       0x33 Core/Src/stm32f1xx_it.o
 .ARM.attributes
                0x000000e3       0x33 Core/Src/system_stm32f1xx.o
 .ARM.attributes
                0x00000116       0x33 Drivers/STM32F1xx_HAL_Driver/Src/stm32f1xx_hal.o
 .ARM.attributes
                0x00000149       0x33 Drivers/STM32F1xx_HAL_Driver/Src/stm32f1xx_hal_cortex.o
 .ARM.attributes
                0x0000017c       0x33 Drivers/STM32F1xx_HAL_Driver/Src/stm32f1xx_hal_gpio.o
 .ARM.attributes
                0x000001af       0x33 Drivers/STM32F1xx_HAL_Driver/Src/stm32f1xx_hal_rcc.o
 .ARM.attributes
                0x000001e2       0x33 Drivers/STM32F1xx_HAL_Driver/Src/stm32f1xx_hal_tim.o
 .ARM.attributes
                0x00000215       0x33 Drivers/STM32F1xx_HAL_Driver/Src/stm32f1xx_hal_tim_ex.o
 .ARM.attributes
                0x00000248       0x33 Drivers/STM32F1xx_HAL_Driver/Src/stm32f1xx_hal_uart.o
 .ARM.attributes
                0x0000027b       0x21 startup/startup_stm32f103xb.o
 .ARM.attributes
                0x0000029c       0x2d c:/ac6/systemworkbench/plugins/fr.ac6.mcu.externaltools.arm-none.win32_1.17.0.201812190825/tools/compiler/bin/../lib/gcc/arm-none-eabi/7.3.1/../../../../arm-none-eabi/lib/thumb/v7-m\libc_nano.a(lib_a-init.o)
 .ARM.attributes
                0x000002c9       0x2d c:/ac6/systemworkbench/plugins/fr.ac6.mcu.externaltools.arm-none.win32_1.17.0.201812190825/tools/compiler/bin/../lib/gcc/arm-none-eabi/7.3.1/../../../../arm-none-eabi/lib/thumb/v7-m\libc_nano.a(lib_a-memset.o)
 .ARM.attributes
                0x000002f6       0x1d c:/ac6/systemworkbench/plugins/fr.ac6.mcu.externaltools.arm-none.win32_1.17.0.201812190825/tools/compiler/bin/../lib/gcc/arm-none-eabi/7.3.1/thumb/v7-m/crtn.o
OUTPUT(TIMER_OC_FREQ_2.elf elf32-littlearm)

.debug_info     0x00000000     0xb061
 .debug_info    0x00000000      0xebe Core/Src/main.o
 .debug_info    0x00000ebe      0xf02 Core/Src/stm32f1xx_hal_msp.o
 .debug_info    0x00001dc0      0x777 Core/Src/stm32f1xx_it.o
 .debug_info    0x00002537      0x29d Core/Src/system_stm32f1xx.o
 .debug_info    0x000027d4      0x7c0 Drivers/STM32F1xx_HAL_Driver/Src/stm32f1xx_hal.o
 .debug_info    0x00002f94      0xcb5 Drivers/STM32F1xx_HAL_Driver/Src/stm32f1xx_hal_cortex.o
 .debug_info    0x00003c49      0x6ab Drivers/STM32F1xx_HAL_Driver/Src/stm32f1xx_hal_gpio.o
 .debug_info    0x000042f4      0x9ef Drivers/STM32F1xx_HAL_Driver/Src/stm32f1xx_hal_rcc.o
 .debug_info    0x00004ce3     0x3554 Drivers/STM32F1xx_HAL_Driver/Src/stm32f1xx_hal_tim.o
 .debug_info    0x00008237     0x1787 Drivers/STM32F1xx_HAL_Driver/Src/stm32f1xx_hal_tim_ex.o
 .debug_info    0x000099be     0x1681 Drivers/STM32F1xx_HAL_Driver/Src/stm32f1xx_hal_uart.o
 .debug_info    0x0000b03f       0x22 startup/startup_stm32f103xb.o

.debug_abbrev   0x00000000     0x16fe
 .debug_abbrev  0x00000000      0x24d Core/Src/main.o
 .debug_abbrev  0x0000024d      0x1f2 Core/Src/stm32f1xx_hal_msp.o
 .debug_abbrev  0x0000043f      0x178 Core/Src/stm32f1xx_it.o
 .debug_abbrev  0x000005b7      0x134 Core/Src/system_stm32f1xx.o
 .debug_abbrev  0x000006eb      0x1ed Drivers/STM32F1xx_HAL_Driver/Src/stm32f1xx_hal.o
 .debug_abbrev  0x000008d8      0x303 Drivers/STM32F1xx_HAL_Driver/Src/stm32f1xx_hal_cortex.o
 .debug_abbrev  0x00000bdb      0x1de Drivers/STM32F1xx_HAL_Driver/Src/stm32f1xx_hal_gpio.o
 .debug_abbrev  0x00000db9      0x257 Drivers/STM32F1xx_HAL_Driver/Src/stm32f1xx_hal_rcc.o
 .debug_abbrev  0x00001010      0x237 Drivers/STM32F1xx_HAL_Driver/Src/stm32f1xx_hal_tim.o
 .debug_abbrev  0x00001247      0x246 Drivers/STM32F1xx_HAL_Driver/Src/stm32f1xx_hal_tim_ex.o
 .debug_abbrev  0x0000148d      0x25f Drivers/STM32F1xx_HAL_Driver/Src/stm32f1xx_hal_uart.o
 .debug_abbrev  0x000016ec       0x12 startup/startup_stm32f103xb.o

.debug_loc      0x00000000     0x88bb
 .debug_loc     0x00000000       0x34 Core/Src/main.o
 .debug_loc     0x00000034       0xfe Core/Src/stm32f1xx_hal_msp.o
 .debug_loc     0x00000132       0xdf Core/Src/system_stm32f1xx.o
 .debug_loc     0x00000211      0x11b Drivers/STM32F1xx_HAL_Driver/Src/stm32f1xx_hal.o
 .debug_loc     0x0000032c      0x5ad Drivers/STM32F1xx_HAL_Driver/Src/stm32f1xx_hal_cortex.o
 .debug_loc     0x000008d9      0x3d8 Drivers/STM32F1xx_HAL_Driver/Src/stm32f1xx_hal_gpio.o
 .debug_loc     0x00000cb1      0x4bb Drivers/STM32F1xx_HAL_Driver/Src/stm32f1xx_hal_rcc.o
 .debug_loc     0x0000116c     0x46c3 Drivers/STM32F1xx_HAL_Driver/Src/stm32f1xx_hal_tim.o
 .debug_loc     0x0000582f     0x1a68 Drivers/STM32F1xx_HAL_Driver/Src/stm32f1xx_hal_tim_ex.o
 .debug_loc     0x00007297     0x1624 Drivers/STM32F1xx_HAL_Driver/Src/stm32f1xx_hal_uart.o

.debug_aranges  0x00000000      0xab8
 .debug_aranges
                0x00000000       0x50 Core/Src/main.o
 .debug_aranges
                0x00000050       0x50 Core/Src/stm32f1xx_hal_msp.o
 .debug_aranges
                0x000000a0       0x68 Core/Src/stm32f1xx_it.o
 .debug_aranges
                0x00000108       0x28 Core/Src/system_stm32f1xx.o
 .debug_aranges
                0x00000130       0xe0 Drivers/STM32F1xx_HAL_Driver/Src/stm32f1xx_hal.o
 .debug_aranges
                0x00000210       0x90 Drivers/STM32F1xx_HAL_Driver/Src/stm32f1xx_hal_cortex.o
 .debug_aranges
                0x000002a0       0x58 Drivers/STM32F1xx_HAL_Driver/Src/stm32f1xx_hal_gpio.o
 .debug_aranges
                0x000002f8       0x90 Drivers/STM32F1xx_HAL_Driver/Src/stm32f1xx_hal_rcc.o
 .debug_aranges
                0x00000388      0x3d0 Drivers/STM32F1xx_HAL_Driver/Src/stm32f1xx_hal_tim.o
 .debug_aranges
                0x00000758      0x168 Drivers/STM32F1xx_HAL_Driver/Src/stm32f1xx_hal_tim_ex.o
 .debug_aranges
                0x000008c0      0x1d0 Drivers/STM32F1xx_HAL_Driver/Src/stm32f1xx_hal_uart.o
 .debug_aranges
                0x00000a90       0x28 startup/startup_stm32f103xb.o

.debug_ranges   0x00000000      0xa80
 .debug_ranges  0x00000000       0x40 Core/Src/main.o
 .debug_ranges  0x00000040       0x40 Core/Src/stm32f1xx_hal_msp.o
 .debug_ranges  0x00000080       0x58 Core/Src/stm32f1xx_it.o
 .debug_ranges  0x000000d8       0x18 Core/Src/system_stm32f1xx.o
 .debug_ranges  0x000000f0       0xd0 Drivers/STM32F1xx_HAL_Driver/Src/stm32f1xx_hal.o
 .debug_ranges  0x000001c0       0xe0 Drivers/STM32F1xx_HAL_Driver/Src/stm32f1xx_hal_cortex.o
 .debug_ranges  0x000002a0       0x48 Drivers/STM32F1xx_HAL_Driver/Src/stm32f1xx_hal_gpio.o
 .debug_ranges  0x000002e8       0xa0 Drivers/STM32F1xx_HAL_Driver/Src/stm32f1xx_hal_rcc.o
 .debug_ranges  0x00000388      0x3c0 Drivers/STM32F1xx_HAL_Driver/Src/stm32f1xx_hal_tim.o
 .debug_ranges  0x00000748      0x158 Drivers/STM32F1xx_HAL_Driver/Src/stm32f1xx_hal_tim_ex.o
 .debug_ranges  0x000008a0      0x1c0 Drivers/STM32F1xx_HAL_Driver/Src/stm32f1xx_hal_uart.o
 .debug_ranges  0x00000a60       0x20 startup/startup_stm32f103xb.o

.debug_macro    0x00000000    0x169ca
 .debug_macro   0x00000000      0x1b2 Core/Src/main.o
 .debug_macro   0x000001b2      0xa54 Core/Src/main.o
 .debug_macro   0x00000c06      0x21b Core/Src/main.o
 .debug_macro   0x00000e21       0x2e Core/Src/main.o
 .debug_macro   0x00000e4f       0x22 Core/Src/main.o
 .debug_macro   0x00000e71       0x22 Core/Src/main.o
 .debug_macro   0x00000e93       0x8e Core/Src/main.o
 .debug_macro   0x00000f21       0x51 Core/Src/main.o
 .debug_macro   0x00000f72       0xef Core/Src/main.o
 .debug_macro   0x00001061       0x6a Core/Src/main.o
 .debug_macro   0x000010cb      0x1df Core/Src/main.o
 .debug_macro   0x000012aa       0x1c Core/Src/main.o
 .debug_macro   0x000012c6       0x22 Core/Src/main.o
 .debug_macro   0x000012e8       0xc3 Core/Src/main.o
 .debug_macro   0x000013ab      0xd23 Core/Src/main.o
 .debug_macro   0x000020ce     0xe097 Core/Src/main.o
 .debug_macro   0x00010165       0x43 Core/Src/main.o
 .debug_macro   0x000101a8     0x3468 Core/Src/main.o
 .debug_macro   0x00013610      0x174 Core/Src/main.o
 .debug_macro   0x00013784       0x5c Core/Src/main.o
 .debug_macro   0x000137e0      0x5be Core/Src/main.o
 .debug_macro   0x00013d9e      0x289 Core/Src/main.o
 .debug_macro   0x00014027      0x1cb Core/Src/main.o
 .debug_macro   0x000141f2      0x114 Core/Src/main.o
 .debug_macro   0x00014306      0x1b2 Core/Src/main.o
 .debug_macro   0x000144b8       0x27 Core/Src/main.o
 .debug_macro   0x000144df      0x136 Core/Src/main.o
 .debug_macro   0x00014615      0x1bc Core/Src/main.o
 .debug_macro   0x000147d1       0x34 Core/Src/main.o
 .debug_macro   0x00014805       0x3c Core/Src/main.o
 .debug_macro   0x00014841       0x57 Core/Src/main.o
 .debug_macro   0x00014898       0x88 Core/Src/main.o
 .debug_macro   0x00014920      0x241 Core/Src/main.o
 .debug_macro   0x00014b61      0x141 Core/Src/main.o
 .debug_macro   0x00014ca2      0x8d1 Core/Src/main.o
 .debug_macro   0x00015573      0x26b Core/Src/main.o
 .debug_macro   0x000157de       0x83 Core/Src/main.o
 .debug_macro   0x00015861       0x40 Core/Src/main.o
 .debug_macro   0x000158a1      0x1b2 Core/Src/stm32f1xx_hal_msp.o
 .debug_macro   0x00015a53      0x1bc Core/Src/stm32f1xx_it.o
 .debug_macro   0x00015c0f      0x1a3 Core/Src/system_stm32f1xx.o
 .debug_macro   0x00015db2      0x1c7 Drivers/STM32F1xx_HAL_Driver/Src/stm32f1xx_hal.o
 .debug_macro   0x00015f79      0x1a3 Drivers/STM32F1xx_HAL_Driver/Src/stm32f1xx_hal_cortex.o
 .debug_macro   0x0001611c      0x20e Drivers/STM32F1xx_HAL_Driver/Src/stm32f1xx_hal_gpio.o
 .debug_macro   0x0001632a      0x1b5 Drivers/STM32F1xx_HAL_Driver/Src/stm32f1xx_hal_rcc.o
 .debug_macro   0x000164df      0x1a4 Drivers/STM32F1xx_HAL_Driver/Src/stm32f1xx_hal_tim.o
 .debug_macro   0x00016683      0x1a3 Drivers/STM32F1xx_HAL_Driver/Src/stm32f1xx_hal_tim_ex.o
 .debug_macro   0x00016826      0x1a4 Drivers/STM32F1xx_HAL_Driver/Src/stm32f1xx_hal_uart.o

.debug_line     0x00000000     0x856f
 .debug_line    0x00000000      0x761 Core/Src/main.o
 .debug_line    0x00000761      0x761 Core/Src/stm32f1xx_hal_msp.o
 .debug_line    0x00000ec2      0x75d Core/Src/stm32f1xx_it.o
 .debug_line    0x0000161f      0x6e4 Core/Src/system_stm32f1xx.o
 .debug_line    0x00001d03      0x88e Drivers/STM32F1xx_HAL_Driver/Src/stm32f1xx_hal.o
 .debug_line    0x00002591      0x89d Drivers/STM32F1xx_HAL_Driver/Src/stm32f1xx_hal_cortex.o
 .debug_line    0x00002e2e      0x85f Drivers/STM32F1xx_HAL_Driver/Src/stm32f1xx_hal_gpio.o
 .debug_line    0x0000368d      0x998 Drivers/STM32F1xx_HAL_Driver/Src/stm32f1xx_hal_rcc.o
 .debug_line    0x00004025     0x2192 Drivers/STM32F1xx_HAL_Driver/Src/stm32f1xx_hal_tim.o
 .debug_line    0x000061b7     0x133f Drivers/STM32F1xx_HAL_Driver/Src/stm32f1xx_hal_tim_ex.o
 .debug_line    0x000074f6      0xffc Drivers/STM32F1xx_HAL_Driver/Src/stm32f1xx_hal_uart.o
 .debug_line    0x000084f2       0x7d startup/startup_stm32f103xb.o

.debug_str      0x00000000    0x85d39
 .debug_str     0x00000000    0x834d4 Core/Src/main.o
                              0x838c9 (size before relaxing)
 .debug_str     0x000834d4      0x3de Core/Src/stm32f1xx_hal_msp.o
                              0x83a0f (size before relaxing)
 .debug_str     0x000838b2       0xec Core/Src/stm32f1xx_it.o
                              0x834a3 (size before relaxing)
 .debug_str     0x0008399e       0x52 Core/Src/system_stm32f1xx.o
                              0x82eb1 (size before relaxing)
 .debug_str     0x000839f0      0x31f Drivers/STM32F1xx_HAL_Driver/Src/stm32f1xx_hal.o
                              0x83587 (size before relaxing)
 .debug_str     0x00083d0f      0x2a8 Drivers/STM32F1xx_HAL_Driver/Src/stm32f1xx_hal_cortex.o
                              0x8354a (size before relaxing)
 .debug_str     0x00083fb7      0x322 Drivers/STM32F1xx_HAL_Driver/Src/stm32f1xx_hal_gpio.o
                              0x83275 (size before relaxing)
 .debug_str     0x000842d9      0x229 Drivers/STM32F1xx_HAL_Driver/Src/stm32f1xx_hal_rcc.o
                              0x832d5 (size before relaxing)
 .debug_str     0x00084502      0xd81 Drivers/STM32F1xx_HAL_Driver/Src/stm32f1xx_hal_tim.o
                              0x842d3 (size before relaxing)
 .debug_str     0x00085283      0x549 Drivers/STM32F1xx_HAL_Driver/Src/stm32f1xx_hal_tim_ex.o
                              0x83afd (size before relaxing)
 .debug_str     0x000857cc      0x53e Drivers/STM32F1xx_HAL_Driver/Src/stm32f1xx_hal_uart.o
                              0x8382b (size before relaxing)
 .debug_str     0x00085d0a       0x2f startup/startup_stm32f103xb.o
                                 0x6b (size before relaxing)

.comment        0x00000000       0x7f
 .comment       0x00000000       0x7f Core/Src/main.o
                                 0x80 (size before relaxing)
 .comment       0x0000007f       0x80 Core/Src/stm32f1xx_hal_msp.o
 .comment       0x0000007f       0x80 Core/Src/stm32f1xx_it.o
 .comment       0x0000007f       0x80 Core/Src/system_stm32f1xx.o
 .comment       0x0000007f       0x80 Drivers/STM32F1xx_HAL_Driver/Src/stm32f1xx_hal.o
 .comment       0x0000007f       0x80 Drivers/STM32F1xx_HAL_Driver/Src/stm32f1xx_hal_cortex.o
 .comment       0x0000007f       0x80 Drivers/STM32F1xx_HAL_Driver/Src/stm32f1xx_hal_gpio.o
 .comment       0x0000007f       0x80 Drivers/STM32F1xx_HAL_Driver/Src/stm32f1xx_hal_rcc.o
 .comment       0x0000007f       0x80 Drivers/STM32F1xx_HAL_Driver/Src/stm32f1xx_hal_tim.o
 .comment       0x0000007f       0x80 Drivers/STM32F1xx_HAL_Driver/Src/stm32f1xx_hal_tim_ex.o
 .comment       0x0000007f       0x80 Drivers/STM32F1xx_HAL_Driver/Src/stm32f1xx_hal_uart.o

.debug_frame    0x00000000     0x1d24
 .debug_frame   0x00000000       0xc0 Core/Src/main.o
 .debug_frame   0x000000c0       0xc8 Core/Src/stm32f1xx_hal_msp.o
 .debug_frame   0x00000188       0xc0 Core/Src/stm32f1xx_it.o
 .debug_frame   0x00000248       0x30 Core/Src/system_stm32f1xx.o
 .debug_frame   0x00000278      0x1cc Drivers/STM32F1xx_HAL_Driver/Src/stm32f1xx_hal.o
 .debug_frame   0x00000444      0x12c Drivers/STM32F1xx_HAL_Driver/Src/stm32f1xx_hal_cortex.o
 .debug_frame   0x00000570       0xe8 Drivers/STM32F1xx_HAL_Driver/Src/stm32f1xx_hal_gpio.o
 .debug_frame   0x00000658      0x198 Drivers/STM32F1xx_HAL_Driver/Src/stm32f1xx_hal_rcc.o
 .debug_frame   0x000007f0      0xb8c Drivers/STM32F1xx_HAL_Driver/Src/stm32f1xx_hal_tim.o
 .debug_frame   0x0000137c      0x474 Drivers/STM32F1xx_HAL_Driver/Src/stm32f1xx_hal_tim_ex.o
 .debug_frame   0x000017f0      0x4e8 Drivers/STM32F1xx_HAL_Driver/Src/stm32f1xx_hal_uart.o
 .debug_frame   0x00001cd8       0x2c c:/ac6/systemworkbench/plugins/fr.ac6.mcu.externaltools.arm-none.win32_1.17.0.201812190825/tools/compiler/bin/../lib/gcc/arm-none-eabi/7.3.1/../../../../arm-none-eabi/lib/thumb/v7-m\libc_nano.a(lib_a-init.o)
 .debug_frame   0x00001d04       0x20 c:/ac6/systemworkbench/plugins/fr.ac6.mcu.externaltools.arm-none.win32_1.17.0.201812190825/tools/compiler/bin/../lib/gcc/arm-none-eabi/7.3.1/../../../../arm-none-eabi/lib/thumb/v7-m\libc_nano.a(lib_a-memset.o)
